[www.ergonewtral.com/index.html]
[backblue.gif]
[fade.gif]
[index.html]
[www.ergonewtral.com/cdn/shop/t/1/assets/global93c1.js]
[www.ergonewtral.com/GET]
[www.ergonewtral.com/cdn/shopifycloud/shopify/assets/storefront/load_feature-6ad832dfb33d267eb5f892acb8c16c6c291694632098e7307cb0cf79497d576b.js]
[www.ergonewtral.com/cdn/shopifycloud/shopify/assets/storefront/features-87e8399988880142f2c62771b9d8f2ff6c290b3ff745dd426eb0dfe0db9d1dae.js]
[www.ergonewtral.com/cdn/shop/t/1/compiled_assets/scriptsb73c.js]
[www.ergonewtral.com/cdn/fonts/assistant/assistant_n4.bcd3d09dcb631dec5544b8fb7b154ff234a446305aaf.woff2]
[www.ergonewtral.com/cdn/fonts/assistant/assistant_n4.a2d012304becc2a26f1ded1acc136fcab85c9afd9c9a.woff]
[www.ergonewtral.com/cdn/fonts/assistant/assistant_n7.3335c7bdaddf2501ddab87cdbd9be98f3870e10d68ef.woff2]
[www.ergonewtral.com/cdn/fonts/assistant/assistant_n7.7c85f5c5cc1555de92cc7ef2790ee3cffe5237f57a20.woff]
[www.ergonewtral.com/cdn/shop/t/1/assets/baseefbc.css]
[www.ergonewtral.com/cdn/shop/t/1/assets/component-predictive-searcha73c.css]
[www.ergonewtral.com/POST]
[www.ergonewtral.com/cdn]
[www.ergonewtral.com/cdn/shopifycloud/shopify/assets/shop_events_listener-65cd0ba3fcd81a1df33f2510ec5bcf8c0e0958653b50e3965ec972dd638ee13f.js]
[www.ergonewtral.com/cdn/shopifycloud/boomerang/shopify-boomerang-1.0.0.min.js]
[www.ergonewtral.com/collections/all.html]
[www.ergonewtral.com/cdn/shop/t/1/assets/component-list-menu6f74.css]
[www.ergonewtral.com/cdn/shop/t/1/assets/component-searcha2c5.css]
[www.ergonewtral.com/cdn/shop/t/1/assets/component-menu-drawerc511.css]
[www.ergonewtral.com/cdn/shop/t/1/assets/component-cart-notification506b.css]
[www.ergonewtral.com/cdn/shop/t/1/assets/component-cart-itemsd299.css]
[www.ergonewtral.com/cdn/shop/t/1/assets/component-pricebb2b.css]
[www.ergonewtral.com/cdn/shop/t/1/assets/component-loading-overlay703f.css]
[www.ergonewtral.com/cdn/shop/t/1/assets/details-disclosure0b02.js]
[www.ergonewtral.com/cdn/shop/t/1/assets/details-modalb5b7.js]
[www.ergonewtral.com/cdn/shop/t/1/assets/cart-notification597c.js]
[www.ergonewtral.com/products/the-ultimate-office-chair-to-relieve-low-back-pressure.html]
[www.ergonewtral.com/products/newtral-ergonomic-office-chair-with-adaptive-lumbar-support.html]
[www.ergonewtral.com/pages/our-team.html]
[www.ergonewtral.com/pages/privacy-policy.html]
[www.ergonewtral.com/pages/shipping-policy.html]
[www.ergonewtral.com/pages/terms-of-service.html]
[www.ergonewtral.com/pages/after-sales-policy.html]
[www.ergonewtral.com/pages/verify-product.html]
[www.ergonewtral.com/pages/product-assembly.html]
[www.ergonewtral.com/pages/contact.html]
[www.ergonewtral.com/account/login.html]
[www.ergonewtral.com/cdn/shop/files/NEWTRAL_LOGO_2fd37.png]
[www.ergonewtral.com/cart.html]
[www.ergonewtral.com/cdn/shop/t/1/assets/section-image-bannera2a2.css]
[www.ergonewtral.com/cdn/shop/t/1/assets/component-slider0313.css]
[www.ergonewtral.com/cdn/shop/t/1/assets/component-slideshow9b94.css]
[www.ergonewtral.com/cdn/shop/files/Ergonewtral_ergonomic_office_chair_9038a.jpg]
[www.ergonewtral.com/cdn/shop/files/4_07727f1b-0bc3-4d2a-b00a-f7f2ea5c42bb7d13.jpg]
[www.ergonewtral.com/cdn/shop/t/1/assets/component-rte0798.css]
[www.ergonewtral.com/cdn/shop/t/1/assets/section-main-page8112.css]
[www.ergonewtral.com/cdn/shop/t/1/assets/video-section893a.css]
[www.ergonewtral.com/cdn/shop/t/1/assets/component-deferred-media4fcc.css]
[www.ergonewtral.com/cdn/shop/files/banner_8.8a2c1.jpg]
[www.ergonewtral.com/cdn/shop/t/1/assets/section-main-productcb22.css]
[www.ergonewtral.com/cdn/shop/t/1/assets/section-featured-product64ba.css]
[www.ergonewtral.com/cdn/shop/t/1/assets/component-accordionacaa.css]
[www.ergonewtral.com/cdn/shop/products/1-1-14980.jpg]
[www.ergonewtral.com/policies/shipping-policy.html]
[www.ergonewtral.com/cdn/shop/t/1/assets/share7d3d.js]
[www.ergonewtral.com/cdn/shop/products/1-1-14c5a.jpg]
[www.ergonewtral.com/cdn/shop/products/ErgonewtralErgonomicOfficeChair002ac14.jpg]
[www.ergonewtral.com/cdn/shop/products/ErgonewtralErgonomicOfficeChair003ac14.jpg]
[www.ergonewtral.com/cdn/shop/products/ErgonewtralErgonomicOfficeChair004ac14.jpg]
[www.ergonewtral.com/cdn/shop/products/ErgonewtralErgonomicOfficeChair005ac14.jpg]
[www.ergonewtral.com/cdn/shop/products/ErgonewtralErgonomicOfficeChair006ac14.jpg]
[www.ergonewtral.com/cdn/shop/products/ErgonewtralErgonomicOfficeChair007ac14.jpg]
[www.ergonewtral.com/cdn/shop/products/ErgonewtralErgonomicOfficeChair008ac14.jpg]
[www.ergonewtral.com/cdn/shop/products/ErgonewtralErgonomicOfficeChair03ac14.jpg]
[www.ergonewtral.com/cdn/shop/products/ErgonewtralErgonomicOfficeChair04ac14.jpg]
[www.ergonewtral.com/cdn/shop/products/ErgonewtralErgonomicOfficeChair06ac14.jpg]
[www.ergonewtral.com/cdn/shop/products/ErgonewtralErgonomicOfficeChair05ac14.jpg]
[www.ergonewtral.com/cdn/shop/products/ErgonewtralErgonomicOfficeChair02ac14.jpg]
[www.ergonewtral.com/cdn/shop/products/ErgonewtralErgonomicOfficeChair07ac14.jpg]
[www.ergonewtral.com/cdn/shop/products/ErgonewtralErgonomicOfficeChair08ac14.jpg]
[www.ergonewtral.com/cdn/shop/products/hqdefaulta94b.jpg]
[www.ergonewtral.com/cdn/shop/products/hqdefault_f97458ef-9034-4776-842c-6da351962ec43401.jpg]
[www.ergonewtral.com/cdn/shop/products/hqdefault_b9226cd4-f914-4f2c-a00d-deee9fbb86846d0f.jpg]
[www.ergonewtral.com/cdn/shop/products/hqdefault_0c7d1d99-65f1-4c4a-a7aa-c2118fbcc01bd666.jpg]
[www.ergonewtral.com/cdn/shop/products/hqdefault_70349253-d414-4c96-85ee-fc95d1170d950a5d.jpg]
[www.ergonewtral.com/cdn/shop/products/hqdefault_efbfcf55-ed7b-45ec-8128-0bf92420c3c6d9f8.jpg]
[www.ergonewtral.com/cdn/shop/products/hqdefault_b8dafe28-a17f-41ca-8192-f7b2567648c5b07f.jpg]
[www.ergonewtral.com/cdn/shop/t/1/assets/product-form93a0.js]
[www.ergonewtral.com/cdn/shop/t/1/assets/product-modald102.js]
[www.ergonewtral.com/Trident/index.html]
[www.ergonewtral.com/cdn/shop/t/1/assets/media-gallerya2b4.js]
[www.ergonewtral.com/cdn/shop/files/Home-Office-Chair6bcd.jpg]
[www.ergonewtral.com/cdn/shop/t/1/assets/section-rich-texta92b.css]
[www.ergonewtral.com/cdn/shop/t/1/assets/component-image-with-textf4a2.css]
[www.ergonewtral.com/cdn/shop/files/Our_Story27a5.jpg]
[www.ergonewtral.com/cdn/shop/t/1/assets/collagea319.css]
[www.ergonewtral.com/cdn/shop/t/1/assets/component-card80e4.css]
[www.ergonewtral.com/cdn/shop/t/1/assets/component-modal-video42e0.css]
[www.ergonewtral.com/cdn/shop/files/7_2fa4e37a-99ea-4ade-a04e-90b66985e9b98fab.jpg]
[www.ergonewtral.com/cdn/shop/t/1/assets/component-rating8006.css]
[www.ergonewtral.com/cdn/shop/products/1-1-18a2e.jpg]
[www.ergonewtral.com/cdn/shop/products/ErgonewtralErgonomicOfficeChair0022afc.jpg]
[www.ergonewtral.com/cdn/shop/products/ErgonewtralNEWTRALChair177c0.jpg]
[www.ergonewtral.com/collections/office-chair-1.html]
[www.ergonewtral.com/cdn/shop/files/verify_591826df-4efd-4aba-b16a-fe66181fa1e4a8ff.jpg]
[www.ergonewtral.com/cdn/shop/files/14_8a95194c-fc98-43f5-acde-5865a4984dcd4a38.jpg]
[www.ergonewtral.com/cdn/shop/t/1/assets/section-footer7af8.css]
[www.ergonewtral.com/cdn/shop/t/1/assets/component-newsletter4d79.css]
[www.ergonewtral.com/cdn/shop/t/1/assets/component-list-payment0711.css]
[www.ergonewtral.com/cdn/shop/t/1/assets/component-list-social1b87.css]
[www.ergonewtral.com/cdn/shop/t/1/assets/disclosure051d.css]
[www.ergonewtral.com/cdn/shop/files/NEWTRAL_LOGO_png_beab4597-ee8e-4e9b-a298-98d1cc0136b289fc.png]
[www.ergonewtral.com/cdn/shop/t/1/assets/predictive-searchcc9b.js]
[www.ergonewtral.com/index.html]
[www.ergonewtral.com/GET.html]
[www.ergonewtral.com/cdn/shop/t/1/assets/baseefbc.css]
[www.ergonewtral.com/cdn/shop/t/1/assets/component-predictive-searcha73c.css]
[www.ergonewtral.com/POST.html]
[www.ergonewtral.com/cdn.html]
[www.ergonewtral.com/collections/all.atom]
[www.ergonewtral.com/collections/GET]
[www.ergonewtral.com/collections/POST]
[www.ergonewtral.com/cdn/shop/t/1/assets/component-collection-herod1cf.css]
[www.ergonewtral.com/cdn/shop/t/1/assets/template-collection0155.css]
[www.ergonewtral.com/cdn/shop/t/1/assets/component-facets401c.css]
[www.ergonewtral.com/cdn/shop/t/1/assets/facets7a40.js]
[www.ergonewtral.com/cdn/shop/t/1/assets/component-show-moref06a.css]
[www.ergonewtral.com/cdn/shop/t/1/assets/show-more7f5b.js]
[www.ergonewtral.com/cdn/shop/products/ErgonewtralNEWTRALChair1d1f5.jpg]
[www.ergonewtral.com/collections/all.html]
[www.ergonewtral.com/cdn/shop/t/1/assets/component-list-menu6f74.css]
[www.ergonewtral.com/cdn/shop/t/1/assets/component-searcha2c5.css]
[www.ergonewtral.com/cdn/shop/t/1/assets/component-menu-drawerc511.css]
[www.ergonewtral.com/cdn/shop/t/1/assets/component-cart-notification506b.css]
[www.ergonewtral.com/cdn/shop/t/1/assets/component-cart-itemsd299.css]
[www.ergonewtral.com/cdn/shop/t/1/assets/component-pricebb2b.css]
[www.ergonewtral.com/cdn/shop/t/1/assets/component-loading-overlay703f.css]
[www.ergonewtral.com/cdn/shop/products/1-1-1105a.jpg]
[www.ergonewtral.com/products/the-ultimate-office-chair-to-relieve-low-back-pressure.oembed]
[www.ergonewtral.com/products/GET]
[www.ergonewtral.com/products/POST]
[www.ergonewtral.com/cdn/shop/products/ErgonewtralErgonomicOfficeChair0025ff9.jpg]
[www.ergonewtral.com/cdn/shop/products/ErgonewtralErgonomicOfficeChair0035ff9.jpg]
[www.ergonewtral.com/cdn/shop/products/ErgonewtralErgonomicOfficeChair0045ff9.jpg]
[www.ergonewtral.com/cdn/shop/products/ErgonewtralErgonomicOfficeChair0055ff9.jpg]
[www.ergonewtral.com/cdn/shop/products/ErgonewtralErgonomicOfficeChair0065ff9.jpg]
[www.ergonewtral.com/cdn/shop/products/ErgonewtralErgonomicOfficeChair0075ff9.jpg]
[www.ergonewtral.com/cdn/shop/products/ErgonewtralErgonomicOfficeChair0085ff9.jpg]
[www.ergonewtral.com/cdn/shop/products/ErgonewtralErgonomicOfficeChair035ff9.jpg]
[www.ergonewtral.com/cdn/shop/products/ErgonewtralErgonomicOfficeChair045ff9.jpg]
[www.ergonewtral.com/cdn/shop/products/ErgonewtralErgonomicOfficeChair065ff9.jpg]
[www.ergonewtral.com/cdn/shop/products/ErgonewtralErgonomicOfficeChair055ff9.jpg]
[www.ergonewtral.com/cdn/shop/products/ErgonewtralErgonomicOfficeChair025ff9.jpg]
[www.ergonewtral.com/cdn/shop/products/ErgonewtralErgonomicOfficeChair075ff9.jpg]
[www.ergonewtral.com/cdn/shop/products/ErgonewtralErgonomicOfficeChair085ff9.jpg]
[www.ergonewtral.com/cdn/shop/products/hqdefaulta084.jpg]
[www.ergonewtral.com/cdn/shop/products/hqdefault_f97458ef-9034-4776-842c-6da351962ec4b2ba.jpg]
[www.ergonewtral.com/cdn/shop/products/hqdefault_b9226cd4-f914-4f2c-a00d-deee9fbb8684efa2.jpg]
[www.ergonewtral.com/cdn/shop/products/hqdefault_0c7d1d99-65f1-4c4a-a7aa-c2118fbcc01b11b6.jpg]
[www.ergonewtral.com/cdn/shop/products/hqdefault_70349253-d414-4c96-85ee-fc95d1170d95bfae.jpg]
[www.ergonewtral.com/cdn/shop/products/hqdefault_efbfcf55-ed7b-45ec-8128-0bf92420c3c6320a.jpg]
[www.ergonewtral.com/cdn/shop/products/hqdefault_b8dafe28-a17f-41ca-8192-f7b2567648c51af1.jpg]
[www.ergonewtral.com/cdn/shop/products/1-1-189e2.jpg]
[www.ergonewtral.com/cdn/shop/products/ErgonewtralErgonomicOfficeChair00271ba.jpg]
[www.ergonewtral.com/cdn/shop/products/ErgonewtralErgonomicOfficeChair00371ba.jpg]
[www.ergonewtral.com/cdn/shop/products/ErgonewtralErgonomicOfficeChair00471ba.jpg]
[www.ergonewtral.com/cdn/shop/products/ErgonewtralErgonomicOfficeChair00571ba.jpg]
[www.ergonewtral.com/cdn/shop/products/ErgonewtralErgonomicOfficeChair00671ba.jpg]
[www.ergonewtral.com/cdn/shop/products/ErgonewtralErgonomicOfficeChair00771ba.jpg]
[www.ergonewtral.com/cdn/shop/products/ErgonewtralErgonomicOfficeChair00871ba.jpg]
[www.ergonewtral.com/cdn/shop/products/ErgonewtralErgonomicOfficeChair0371ba.jpg]
[www.ergonewtral.com/cdn/shop/products/ErgonewtralErgonomicOfficeChair0471ba.jpg]
[www.ergonewtral.com/cdn/shop/products/ErgonewtralErgonomicOfficeChair0671ba.jpg]
[www.ergonewtral.com/cdn/shop/products/ErgonewtralErgonomicOfficeChair0571ba.jpg]
[www.ergonewtral.com/cdn/shop/products/ErgonewtralErgonomicOfficeChair0271ba.jpg]
[www.ergonewtral.com/cdn/shop/products/ErgonewtralErgonomicOfficeChair0771ba.jpg]
[www.ergonewtral.com/cdn/shop/products/ErgonewtralErgonomicOfficeChair0871ba.jpg]
[www.ergonewtral.com/cdn/shop/products/hqdefault1d80.jpg]
[www.ergonewtral.com/cdn/shop/products/hqdefault_f97458ef-9034-4776-842c-6da351962ec4b409.jpg]
[www.ergonewtral.com/cdn/shop/products/hqdefault_b9226cd4-f914-4f2c-a00d-deee9fbb8684d0dc.jpg]
[www.ergonewtral.com/cdn/shop/products/hqdefault_0c7d1d99-65f1-4c4a-a7aa-c2118fbcc01bc6c9.jpg]
[www.ergonewtral.com/cdn/shop/products/hqdefault_70349253-d414-4c96-85ee-fc95d1170d95aac3.jpg]
[www.ergonewtral.com/cdn/shop/products/hqdefault_efbfcf55-ed7b-45ec-8128-0bf92420c3c69461.jpg]
[www.ergonewtral.com/cdn/shop/products/hqdefault_b8dafe28-a17f-41ca-8192-f7b2567648c591fa.jpg]
[www.ergonewtral.com/cdn/shop/t/1/assets/component-pickup-availability4d42.css]
[www.ergonewtral.com/cdn/shop/t/1/assets/pickup-availabilityc0f6.js]
[www.ergonewtral.com/cdn/shop/files/Ergonewtral_Office_Chair_0158f8.gif]
[www.ergonewtral.com/products/Trident/index.html]
[www.ergonewtral.com/cdn/shop/t/1/assets/section-product-recommendationsa020.css]
[www.ergonewtral.com/cdn/shop/files/1_ee22e88e-04f6-4f7e-bf1e-693bdce272eac159.png]
[www.ergonewtral.com/products/the-ultimate-office-chair-to-relieve-low-back-pressure.html]
[www.ergonewtral.com/cdn/shop/products/1-1-1_100x105a.jpg]
[www.ergonewtral.com/cdn/shop/products/ErgonewtralNEWTRALChair1ca6f.jpg]
[www.ergonewtral.com/products/newtral-ergonomic-office-chair-with-adaptive-lumbar-support.oembed]
[www.ergonewtral.com/cdn/shop/products/ErgonewtralNEWTRALChair1262b.jpg]
[www.ergonewtral.com/cdn/shop/products/ErgonewtralNEWTRALChair2869c.jpg]
[www.ergonewtral.com/cdn/shop/products/ErgonewtralNEWTRALChair36d7b.jpg]
[www.ergonewtral.com/cdn/shop/products/ErgonewtralNEWTRALChair4ab36.jpg]
[www.ergonewtral.com/cdn/shop/products/ErgonewtralNEWTRALChair5f669.jpg]
[www.ergonewtral.com/cdn/shop/products/ErgonewtralNEWTRALChair6b46a.jpg]
[www.ergonewtral.com/cdn/shop/products/ErgonewtralNEWTRALChair7fa08.jpg]
[www.ergonewtral.com/cdn/shop/products/ErgonewtralNEWTRALChair03e9fd.jpg]
[www.ergonewtral.com/cdn/shop/products/ErgonewtralNEWTRALChair04e9fd.jpg]
[www.ergonewtral.com/cdn/shop/products/ErgonewtralNEWTRALChair05e9fd.jpg]
[www.ergonewtral.com/cdn/shop/products/ErgonewtralNEWTRALChair06e9fd.jpg]
[www.ergonewtral.com/cdn/shop/products/ErgonewtralNEWTRALChair01e9fd.jpg]
[www.ergonewtral.com/cdn/shop/products/ErgonewtralNEWTRALChair078eae.jpg]
[www.ergonewtral.com/cdn/shop/products/ErgonewtralNEWTRALChair1f5c9.jpg]
[www.ergonewtral.com/cdn/shop/products/ErgonewtralNEWTRALChair2aae5.jpg]
[www.ergonewtral.com/cdn/shop/products/ErgonewtralNEWTRALChair3ae4d.jpg]
[www.ergonewtral.com/cdn/shop/products/ErgonewtralNEWTRALChair4282d.jpg]
[www.ergonewtral.com/cdn/shop/products/ErgonewtralNEWTRALChair5cd63.jpg]
[www.ergonewtral.com/cdn/shop/products/ErgonewtralNEWTRALChair6c35d.jpg]
[www.ergonewtral.com/cdn/shop/products/ErgonewtralNEWTRALChair7952f.jpg]
[www.ergonewtral.com/cdn/shop/products/ErgonewtralNEWTRALChair033d55.jpg]
[www.ergonewtral.com/cdn/shop/products/ErgonewtralNEWTRALChair043d55.jpg]
[www.ergonewtral.com/cdn/shop/products/ErgonewtralNEWTRALChair053d55.jpg]
[www.ergonewtral.com/cdn/shop/products/ErgonewtralNEWTRALChair063d55.jpg]
[www.ergonewtral.com/cdn/shop/products/ErgonewtralNEWTRALChair013d55.jpg]
[www.ergonewtral.com/cdn/shop/products/ErgonewtralNEWTRALChair07224d.jpg]
[www.ergonewtral.com/cdn/shop/products/ErgonewtralNEWTRALChair18c25.jpg]
[www.ergonewtral.com/cdn/shop/products/ErgonewtralNEWTRALChair299e7.jpg]
[www.ergonewtral.com/cdn/shop/products/ErgonewtralNEWTRALChair3c290.jpg]
[www.ergonewtral.com/cdn/shop/products/ErgonewtralNEWTRALChair4ec9e.jpg]
[www.ergonewtral.com/cdn/shop/products/ErgonewtralNEWTRALChair553ea.jpg]
[www.ergonewtral.com/cdn/shop/products/ErgonewtralNEWTRALChair6b2db.jpg]
[www.ergonewtral.com/cdn/shop/products/ErgonewtralNEWTRALChair7e12f.jpg]
[www.ergonewtral.com/cdn/shop/products/ErgonewtralNEWTRALChair037af9.jpg]
[www.ergonewtral.com/cdn/shop/products/ErgonewtralNEWTRALChair047af9.jpg]
[www.ergonewtral.com/cdn/shop/products/ErgonewtralNEWTRALChair057af9.jpg]
[www.ergonewtral.com/cdn/shop/products/ErgonewtralNEWTRALChair067af9.jpg]
[www.ergonewtral.com/cdn/shop/products/ErgonewtralNEWTRALChair017af9.jpg]
[www.ergonewtral.com/cdn/shop/products/ErgonewtralNEWTRALChair07ae17.jpg]
[www.ergonewtral.com/products/newtral-ergonomic-office-chair-with-adaptive-lumbar-support.html]
[www.ergonewtral.com/cdn/shop/products/ErgonewtralNEWTRALChair1_100xca6f.jpg]
[www.ergonewtral.com/pages/GET.184.delayed]
[www.ergonewtral.com/pages/POST]
[www.ergonewtral.com/pages/our-team.html]
[www.ergonewtral.com/pages/privacy-policy.html]
[www.ergonewtral.com/pages/shipping-policy.html]
[www.ergonewtral.com/pages/terms-of-service.html]
[www.ergonewtral.com/pages/after-sales-policy.html]
[www.ergonewtral.com/pages/get]
[www.ergonewtral.com/pages/verify-product.html]
[www.ergonewtral.com/pages/product-assembly.html]
[www.ergonewtral.com/cdn/shop/t/1/assets/section-contact-formabae.css]
[www.ergonewtral.com/pages/contact.html]
[www.ergonewtral.com/account/GET]
[www.ergonewtral.com/account/POST]
[www.ergonewtral.com/cdn/shop/t/1/assets/customerf63d.css]
[www.ergonewtral.com/account/login.html]
[www.ergonewtral.com/account/register.html]
[www.ergonewtral.com/cdn/shop/t/1/assets/component-cart4e79.css]
[www.ergonewtral.com/cdn/shop/t/1/assets/component-totalsf59c.css]
[www.ergonewtral.com/cdn/shop/t/1/assets/component-discounts508a.css]
[www.ergonewtral.com/cart.html]
[www.ergonewtral.com/cdn/shop/t/1/assets/section-image-bannera2a2.css]
[www.ergonewtral.com/cdn/shop/t/1/assets/component-slider0313.css]
[www.ergonewtral.com/cdn/shop/t/1/assets/component-slideshow9b94.css]
[www.ergonewtral.com/cdn/shop/t/1/assets/component-rte0798.css]
[www.ergonewtral.com/cdn/shop/t/1/assets/section-main-page8112.css]
[www.ergonewtral.com/cdn/shop/t/1/assets/video-section893a.css]
[www.ergonewtral.com/cdn/shop/t/1/assets/component-deferred-media4fcc.css]
[www.ergonewtral.com/cdn/shop/t/1/assets/section-main-productcb22.css]
[www.ergonewtral.com/cdn/shop/t/1/assets/section-featured-product64ba.css]
[www.ergonewtral.com/cdn/shop/t/1/assets/component-accordionacaa.css]
[www.ergonewtral.com/cdn/shop/t/1/assets/cart39d2.js]
[www.ergonewtral.com/cdn/shopifycloud/shopify/assets/storefront/policy-3e4aa3c07a3a61780d16bc4b828d2fef9e1a20a44aae36e029a7b98e5ee5a4d0.css]
[www.ergonewtral.com/policies/GET]
[www.ergonewtral.com/policies/POST]
[www.ergonewtral.com/policies/shipping-policy.html]
[www.ergonewtral.com/Trident/index.html]
[www.ergonewtral.com/cdn/shop/t/1/assets/section-rich-texta92b.css]
[www.ergonewtral.com/cdn/shop/t/1/assets/component-image-with-textf4a2.css]
[www.ergonewtral.com/cdn/shop/t/1/assets/collagea319.css]
[www.ergonewtral.com/cdn/shop/t/1/assets/component-card80e4.css]
[www.ergonewtral.com/cdn/shop/t/1/assets/component-modal-video42e0.css]
[www.ergonewtral.com/cdn/shop/t/1/assets/component-rating8006.css]
[www.ergonewtral.com/collections/office-chair-1.atom]
[www.ergonewtral.com/collections/office-chair-1.html]
[www.ergonewtral.com/cdn/shop/t/1/assets/section-footer7af8.css]
[www.ergonewtral.com/cdn/shop/t/1/assets/component-newsletter4d79.css]
[www.ergonewtral.com/cdn/shop/t/1/assets/component-list-payment0711.css]
[www.ergonewtral.com/cdn/shop/t/1/assets/component-list-social1b87.css]
[www.ergonewtral.com/cdn/shop/t/1/assets/disclosure051d.css]
[www.ergonewtral.com/collections/GET.html]
[www.ergonewtral.com/collections/POST.html]
[www.ergonewtral.com/cdn/shop/t/1/assets/component-collection-herod1cf.css]
[www.ergonewtral.com/cdn/shop/t/1/assets/template-collection0155.css]
[www.ergonewtral.com/cdn/shop/t/1/assets/component-facets401c.css]
[www.ergonewtral.com/cdn/shop/t/1/assets/component-show-moref06a.css]
[www.ergonewtral.com/products/GET.html]
[www.ergonewtral.com/products/POST.html]
[www.ergonewtral.com/cdn/shop/t/1/assets/component-pickup-availability4d42.css]
[www.ergonewtral.com/products/Trident/index.html]
[www.ergonewtral.com/cdn/shop/t/1/assets/section-product-recommendationsa020.css]
[www.ergonewtral.com/pages/GET.html]
[www.ergonewtral.com/pages/POST.html]
[www.ergonewtral.com/pages/get-2.html]
[www.ergonewtral.com/cdn/shop/t/1/assets/section-contact-formabae.css]
[www.ergonewtral.com/account/GET.html]
[www.ergonewtral.com/account/POST.html]
[www.ergonewtral.com/cdn/shop/t/1/assets/customerf63d.css]
[www.ergonewtral.com/account/register.html]
[www.ergonewtral.com/cdn/shop/t/1/assets/component-cart4e79.css]
[www.ergonewtral.com/cdn/shop/t/1/assets/component-totalsf59c.css]
[www.ergonewtral.com/cdn/shop/t/1/assets/component-discounts508a.css]
[www.ergonewtral.com/cdn/shopifycloud/shopify/assets/storefront/policy-3e4aa3c07a3a61780d16bc4b828d2fef9e1a20a44aae36e029a7b98e5ee5a4d0.css]
[www.ergonewtral.com/policies/GET.html]
[www.ergonewtral.com/policies/POST.html]
[www.ergonewtral.com/collections/office-chair-1.oembed]
